[ [ [ 0.05 ,  1.05 ], [ 0.06 ,  1.06 ] ], [ [ 0.051,  1.051], [ 0.061,  1.061 ] ] ]
