[
  [ [ 0.1     ,  1.052381 ], [ 0.101667,  1.062358] ],
  [ [ 0.10002 ,  1.053379], [ 0.101984,  1.063356] ]
]
