# npiny=2, npinx=2, nax=2, nass=2, coreSym=2
[
  [
    [
      [ 0.25, 0.25 ],
      [ 0.25, 0.25 ]
    ],

    [
      [ 0.5, 0.5 ],
      [ 0.5, 0.5 ]
    ]
  ],

  [
    [
      [ 0.5, 0.5 ],
      [ 0.5, 0.5 ]
    ],

    [
      [ 1.0, 1.0 ],
      [ 1.0, 1.0 ]
    ]
  ]
]
