[0.22296806317083798, 0.2925273459822088, 0.43872383143669763, 0.5767958589704074, 0.703314101167764, 0.817525686413719, 0.9195971009553932, 0.9985484653916277, 1.0069277262709142, 1.1089069243802345, 1.1829304495856396, 1.2352904330079697, 1.2787485558836393, 1.3142487554269382, 1.3278297473285725, 1.2817346340892597, 1.3583281382303147, 1.3875352149640559, 1.3966453091326922, 1.4012322145558167, 1.4017096095818802, 1.383038393959876, 1.314879479838084, 1.372452768126796, 1.3771715325590175, 1.3631897471245487, 1.346101948143146, 1.3258509909295833, 1.288004320830473, 1.21106953116589, 1.248321291813071, 1.2320414627316552, 1.1977237306949133, 1.1595515047341998, 1.1171940244330505, 1.058588448912906, 0.9755085582963565, 0.9822794025524392, 0.9366238040452769, 0.8742935685587028, 0.8067028311004311, 0.7335821956684379, 0.6478286025628096, 0.560487012013099, 0.5237518246515996, 0.4415380405846826, 0.0, 0.0, 0.0]
