[0.20371094131224673, 0.2672534616068309, 0.4008165134707296, 0.5269604492721573, 0.6425509213922476, 0.7469005422123965, 0.8401616592881459, 0.9123044922142787, 0.9199834576437962, 1.0131430906694003, 1.0807786223140778, 1.1286261470245678, 1.168343220298972, 1.200792144842141, 1.2132187353841122, 1.1711342251441652, 1.2411041384063441, 1.2677986863718598, 1.2761351153582134, 1.2803405890467716, 1.2807929421647597, 1.2637523248288371, 1.2015054683312087, 1.254101092306231, 1.2584215909369583, 1.2456578740988054, 1.230057060216513, 1.211566794352001, 1.1770003531515854, 1.10672621593604, 1.1407558111911837, 1.1258855483300716, 1.0945344087011606, 1.0596612002903258, 1.020963505011568, 0.9674189645712691, 0.8915172929774732, 0.8976940224474221, 0.8559729618758654, 0.7990144933266567, 0.7372477123572067, 0.6704259064833723, 0.5920577312649038, 0.5122432204342644, 0.4786556315890308, 0.4035022354777154, 0.3175970418354596, 0.22652129735513932, 0.16395400974327895]
