[0.20405914607583167, 0.2677138491563905, 0.40150802567776434, 0.5278684907282015, 0.6436560634699087, 0.7481819292553351, 0.8415985502299552, 0.9138581183878488, 0.9215364839616447, 1.0148614132915832, 1.0826087654335264, 1.130531875035752, 1.1703091825796132, 1.2028045229747135, 1.2152413670225046, 1.1730680353763818, 1.2431616644707453, 1.2698955124859546, 1.2782382866591786, 1.2824421577446006, 1.2828856704157803, 1.2658055111316677, 1.2034379980424625, 1.2561258925191239, 1.260448074008136, 1.2476563948466335, 1.2320224157585693, 1.2134937784477782, 1.1788618384948504, 1.1084589144129144, 1.1425490121682256, 1.1276512301817014, 1.0962451717550736, 1.0613113471992404, 1.0225469578681217, 0.9689117877317903, 0.8928795185652862, 0.8990721076844582, 0.8572850891060636, 0.8002365701667179, 0.7383728382674543, 0.6714471059966298, 0.592958077655438, 0.5130176154011677, 0.4793876836575429, 0.40413021689673007, 0.3181247992115338, 0.22698851300449183, 0.1643261215281173]
