[
  [ [ 0.1     ,  1.054751 ], [ 0.10918 ,  1.064707 ] ],
  [ [ 0.10099 ,  1.055747 ], [ 0.110027,  1.065702 ] ]
]
