[ [ 0.010091,  1.005525], [ 0.105739,  1.105523] ]
