[ [ 0.010505,  1.00555 ], [ 0.105978,  1.105546] ]
