# npiny=2, npinx=2, nax=2, nass=2, coreSym=4
[
  [
    [
      [ 0.0625, 0.0625 ],
      [ 0.0625, 0.0625 ]
    ],

    [
      [ 0.25, 0.25 ],
      [ 0.25, 0.25 ]
    ]
  ],

  [
    [
      [ 0.25, 0.25 ],
      [ 0.25, 0.25 ]
    ],

    [
      [ 1.0, 1.0 ],
      [ 1.0, 1.0 ]
    ]
  ]
]
