# npiny=4, npinx=4, nax=3, nass=2, coreSym=2
[
  #row=0
  [
    #col=0
    [
      #ax=0
      [ 0.0625, 0.0625 ],
      #ax=1
      [ 0.0625, 0.0625 ],
      #ax=2
      [ 0.0625, 0.0625 ]
    ],
    #col=1
    [
      #ax=0
      [ 0.25, 0.25 ],
      #ax=1
      [ 0.25, 0.25 ],
      #ax=2
      [ 0.25, 0.25 ]
    ],
    #col=2
    [
      #ax=0
      [ 0.25, 0.25 ],
      #ax=1
      [ 0.25, 0.25 ],
      #ax=2
      [ 0.25, 0.25 ]
    ],
    #col=3
    [
      #ax=0
      [ 0.25, 0.25 ],
      #ax=1
      [ 0.25, 0.25 ],
      #ax=2
      [ 0.25, 0.25 ]
    ]
  ],

  #row=1
  [
    #col=0
    [
      #ax=0
      [ 0.25, 0.25 ],
      #ax=1
      [ 0.25, 0.25 ],
      #ax=2
      [ 0.25, 0.25 ]
    ],
    #col=1
    [
      #ax=0
      [ 1.0, 1.0 ],
      #ax=1
      [ 1.0, 1.0 ],
      #ax=2
      [ 1.0, 1.0 ]
    ],
    #col=2
    [
      #ax=0
      [ 1.0, 1.0 ],
      #ax=1
      [ 1.0, 1.0 ],
      #ax=2
      [ 1.0, 1.0 ]
    ],
    #col=3
    [
      #ax=0
      [ 1.0, 1.0 ],
      #ax=1
      [ 1.0, 1.0 ],
      #ax=2
      [ 1.0, 1.0 ]
    ]
  ],

  #row=2
  [
    #col=0
    [
      #ax=0
      [ 0.25, 0.25 ],
      #ax=1
      [ 0.25, 0.25 ],
      #ax=2
      [ 0.25, 0.25 ]
    ],
    #col=1
    [
      #ax=0
      [ 1.0, 1.0 ],
      #ax=1
      [ 1.0, 1.0 ],
      #ax=2
      [ 1.0, 1.0 ]
    ],
    #col=2
    [
      #ax=0
      [ 1.0, 1.0 ],
      #ax=1
      [ 1.0, 1.0 ],
      #ax=2
      [ 1.0, 1.0 ]
    ],
    #col=3
    [
      #ax=0
      [ 1.0, 1.0 ],
      #ax=1
      [ 1.0, 1.0 ],
      #ax=2
      [ 1.0, 1.0 ]
    ]
  ],

  #row=3
  [
    #col=0
    [
      #ax=0
      [ 0.25, 0.25 ],
      #ax=1
      [ 0.25, 0.25 ],
      #ax=2
      [ 0.25, 0.25 ]
    ],
    #col=1
    [
      #ax=0
      [ 1.0, 1.0 ],
      #ax=1
      [ 1.0, 1.0 ],
      #ax=2
      [ 1.0, 1.0 ]
    ],
    #col=2
    [
      #ax=0
      [ 1.0, 1.0 ],
      #ax=1
      [ 1.0, 1.0 ],
      #ax=2
      [ 1.0, 1.0 ]
    ],
    #col=3
    [
      #ax=0
      [ 1.0, 1.0 ],
      #ax=1
      [ 1.0, 1.0 ],
      #ax=2
      [ 1.0, 1.0 ]
    ]
  ]
]
